   笆ｲ Next.js 15.0.3
   - Environments: .env.local, .env

   Creating an optimized production build ...
 笨・Compiled successfully
   Linting and checking validity of types ...

./src/app/editor/EditorContent.tsx
37:12  Warning: 'published' is assigned a value but never used.  @typescript-eslint/no-unused-vars
117:11  Warning: 'stripHtml' is assigned a value but never used.  @typescript-eslint/no-unused-vars
225:21  Warning: Using `<img>` could result in slower LCP and higher bandwidth. Consider using `<Image />` from `next/image` or a custom image loader to automatically optimize images. This may incur additional usage or cost from your provider. See: https://nextjs.org/docs/messages/no-img-element  @next/next/no-img-element

./src/components/Navbar.tsx
17:17  Warning: Using `<img>` could result in slower LCP and higher bandwidth. Consider using `<Image />` from `next/image` or a custom image loader to automatically optimize images. This may incur additional usage or cost from your provider. See: https://nextjs.org/docs/messages/no-img-element  @next/next/no-img-element

info  - Need to disable some ESLint rules? Learn more here: https://nextjs.org/docs/app/building-your-application/configuring/eslint#disabling-rules
   Collecting page data ...
   Generating static pages (0/16) ...
   Generating static pages (4/16) 
node.exe : Error occurred prerendering page "/". Read
 more: https://nextjs.org/docs/messages/prerender-err
or
発生場所 行:1 文字:1
+ & "C:\Program Files\nodejs/node.exe" "C:\Program Fi
les\nodejs/node_mo ...
+ ~~~~~~~~~~~~~~~~~~~~~~~~~~~~~~~~~~~~~~~~~~~~~~~~~~~
~~~~~~~~~~~~~~~~~~
    + CategoryInfo          : NotSpecified: (Error o 
   ccurred ...prerender-error:String) [], RemoteExc  
  eption
    + FullyQualifiedErrorId : NativeCommandError
 
Error: useLanguage must be used within a LanguageProv
ider
    at a (C:\Users\A\.gemini\antigravity\繝翫Φ繝舌・1\blog
-next\.next\server\app\page.js:1:10336)
    at u (C:\Users\A\.gemini\antigravity\繝翫Φ繝舌・1\blog
-next\.next\server\app\page.js:1:3604)
    at n$ (C:\Users\A\.gemini\antigravity\繝翫Φ繝舌・1\blo
g-next\node_modules\next\dist\compiled\next-server\ap
p-page.runtime.prod.js:20:45906)
    at nI (C:\Users\A\.gemini\antigravity\繝翫Φ繝舌・1\blo
g-next\node_modules\next\dist\compiled\next-server\ap
p-page.runtime.prod.js:20:47681)
    at nL (C:\Users\A\.gemini\antigravity\繝翫Φ繝舌・1\blo
g-next\node_modules\next\dist\compiled\next-server\ap
p-page.runtime.prod.js:20:65480)
    at nN (C:\Users\A\.gemini\antigravity\繝翫Φ繝舌・1\blo
g-next\node_modules\next\dist\compiled\next-server\ap
p-page.runtime.prod.js:20:63111)
    at nO (C:\Users\A\.gemini\antigravity\繝翫Φ繝舌・1\blo
g-next\node_modules\next\dist\compiled\next-server\ap
p-page.runtime.prod.js:20:46258)
    at nI (C:\Users\A\.gemini\antigravity\繝翫Φ繝舌・1\blo
g-next\node_modules\next\dist\compiled\next-server\ap
p-page.runtime.prod.js:20:47727)
    at nI (C:\Users\A\.gemini\antigravity\繝翫Φ繝舌・1\blo
g-next\node_modules\next\dist\compiled\next-server\ap
p-page.runtime.prod.js:20:62462)
    at nL (C:\Users\A\.gemini\antigravity\繝翫Φ繝舌・1\blo
g-next\node_modules\next\dist\compiled\next-server\ap
p-page.runtime.prod.js:20:65480)
Export encountered an error on /page: /, exiting the 
build.
 筧ｯ Static worker exited with code: 1 and signal: nul
l
